Starting a Gradle Daemon, 1 incompatible and 1 stopped Daemons could not be reused, use --status for details
Calculating task graph as no cached configuration is available for tasks: assembleDebug
> Task :app:generateDebugAssets UP-TO-DATE
> Task :app:preBuild UP-TO-DATE
> Task :app:preDebugBuild UP-TO-DATE
> Task :app:mergeDebugNativeDebugMetadata NO-SOURCE

> Task :app:processDebugGoogleServices
File google-services.json is missing.
The Google Services Plugin cannot function without it.
Searched locations: C:\Users\Jayanth\Downloads\AutoRescueAI\AutoRescue-Mobile\app\src\debug\google-services.json, C:\Users\Jayanth\Downloads\AutoRescueAI\AutoRescue-Mobile\app\src\debug\google-services.json, C:\Users\Jayanth\Downloads\AutoRescueAI\AutoRescue-Mobile\app\src\google-services.json, C:\Users\Jayanth\Downloads\AutoRescueAI\AutoRescue-Mobile\app\src\debug\google-services.json, C:\Users\Jayanth\Downloads\AutoRescueAI\AutoRescue-Mobile\app\src\Debug\google-services.json, C:\Users\Jayanth\Downloads\AutoRescueAI\AutoRescue-Mobile\app\google-services.json

> Task :app:generateDebugResources
> Task :app:generateDebugBuildConfig
> Task :app:packageDebugResources
> Task :app:processDebugNavigationResources
> Task :app:javaPreCompileDebug
> Task :app:mergeDebugAssets
> Task :app:compressDebugAssets
> Task :app:desugarDebugFileDependencies
> Task :app:parseDebugLocalResources
> Task :app:generateDebugRFile
> Task :app:mapDebugSourceSetPaths
> Task :app:checkDebugAarMetadata
> Task :app:compileDebugNavigationResources
> Task :app:createDebugCompatibleScreenManifests
> Task :app:extractDeepLinksDebug
> Task :app:checkDebugDuplicateClasses
> Task :app:processDebugMainManifest
> Task :app:kspDebugKotlin
> Task :app:mergeDebugResources
> Task :app:mergeExtDexDebug
> Task :app:mergeLibDexDebug
> Task :app:processDebugManifest
> Task :app:processDebugManifestForPackage
> Task :app:mergeDebugJniLibFolders
> Task :app:compileDebugKotlin
> Task :app:mergeDebugNativeLibs
> Task :app:validateSigningDebug
> Task :app:writeDebugAppMetadata
> Task :app:writeDebugSigningConfigVersions
> Task :app:processDebugResources

> Task :app:stripDebugDebugSymbols
Unable to strip the following libraries, packaging them as they are: libandroidx.graphics.path.so, libdatastore_shared_counter.so. Run with --info option to learn more.
